[seantheme.com/color-admin/admin/html/index.html]
[backblue.gif]
[fade.gif]
[index.html]
[seantheme.com/color-admin/admin/assets/css/vendor.min.css]
[seantheme.com/color-admin/admin/assets/css/default/app.min.css]
[seantheme.com/color-admin/admin/assets/plugins/jvectormap-next/jquery-jvectormap.css]
[seantheme.com/color-admin/admin/assets/plugins/bootstrap-datepicker/dist/css/bootstrap-datepicker.css]
[seantheme.com/color-admin/admin/assets/plugins/gritter/css/jquery.gritter.css]
[seantheme.com/color-admin/admin/assets/img/user/user-1.jpg]
[seantheme.com/color-admin/admin/assets/img/user/user-2.jpg]
[seantheme.com/color-admin/admin/assets/img/user/user-13.jpg]
[seantheme.com/color-admin/admin/html/extra_profile.html]
[seantheme.com/color-admin/admin/html/email_inbox.html]
[seantheme.com/color-admin/admin/html/calendar.html]
[seantheme.com/color-admin/admin/html/extra_settings_page.html]
[seantheme.com/color-admin/admin/html/login.html]
[seantheme.com/color-admin/admin/html/index_v2.html]
[seantheme.com/color-admin/admin/html/index_v3.html]
[seantheme.com/color-admin/admin/html/email_compose.html]
[seantheme.com/color-admin/admin/html/email_detail.html]
[seantheme.com/color-admin/admin/html/widget.html]
[seantheme.com/color-admin/admin/html/ui_general.html]
[seantheme.com/color-admin/admin/html/ui_typography.html]
[seantheme.com/color-admin/admin/html/ui_tabs_accordions.html]
[seantheme.com/color-admin/admin/html/ui_unlimited_tabs.html]
[seantheme.com/color-admin/admin/html/ui_modal_notification.html]
[seantheme.com/color-admin/admin/html/ui_widget_boxes.html]
[seantheme.com/color-admin/admin/html/ui_media_object.html]
[seantheme.com/color-admin/admin/html/ui_buttons.html]
[seantheme.com/color-admin/admin/html/ui_icon_fontawesome.html]
[seantheme.com/color-admin/admin/html/ui_icon_bootstrap.html]
[seantheme.com/color-admin/admin/html/ui_icon_duotone.html]
[seantheme.com/color-admin/admin/html/ui_icon_simple_line_icons.html]
[seantheme.com/color-admin/admin/html/ui_icon_ionicons.html]
[seantheme.com/color-admin/admin/html/ui_tree.html]
[seantheme.com/color-admin/admin/html/ui_language_bar_icon.html]
[seantheme.com/color-admin/admin/html/ui_social_buttons.html]
[seantheme.com/color-admin/admin/html/ui_tour.html]
[seantheme.com/color-admin/admin/html/ui_offcanvas_toasts.html]
[seantheme.com/color-admin/admin/html/bootstrap_5.html]
[seantheme.com/color-admin/admin/assets/img/logo/logo-bs5.png]
[seantheme.com/color-admin/admin/html/form_elements.html]
[seantheme.com/color-admin/admin/html/form_plugins.html]
[seantheme.com/color-admin/admin/html/form_slider_switcher.html]
[seantheme.com/color-admin/admin/html/form_validation.html]
[seantheme.com/color-admin/admin/html/form_wizards.html]
[seantheme.com/color-admin/admin/html/form_wysiwyg.html]
[seantheme.com/color-admin/admin/html/form_editable.html]
[seantheme.com/color-admin/admin/html/form_multiple_upload.html]
[seantheme.com/color-admin/admin/html/form_summernote.html]
[seantheme.com/color-admin/admin/html/form_dropzone.html]
[seantheme.com/color-admin/admin/html/table_basic.html]
[seantheme.com/color-admin/admin/html/table_manage.html]
[seantheme.com/color-admin/admin/html/table_manage_buttons.html]
[seantheme.com/color-admin/admin/html/table_manage_colreorder.html]
[seantheme.com/color-admin/admin/html/table_manage_fixed_columns.html]
[seantheme.com/color-admin/admin/html/table_manage_fixed_header.html]
[seantheme.com/color-admin/admin/html/table_manage_keytable.html]
[seantheme.com/color-admin/admin/html/table_manage_responsive.html]
[seantheme.com/color-admin/admin/html/table_manage_rowreorder.html]
[seantheme.com/color-admin/admin/html/table_manage_scroller.html]
[seantheme.com/color-admin/admin/html/table_manage_select.html]
[seantheme.com/color-admin/admin/html/table_manage_combine.html]
[seantheme.com/color-admin/admin/html/pos_customer_order.html]
[seantheme.com/color-admin/admin/html/pos_kitchen_order.html]
[seantheme.com/color-admin/admin/html/pos_counter_checkout.html]
[seantheme.com/color-admin/admin/html/pos_table_booking.html]
[seantheme.com/color-admin/admin/html/pos_menu_stock.html]
[seantheme.com/color-admin/admin/html/email_system.html]
[seantheme.com/color-admin/admin/html/email_newsletter.html]
[seantheme.com/color-admin/admin/html/chart-flot.html]
[seantheme.com/color-admin/admin/html/chart-js.html]
[seantheme.com/color-admin/admin/html/chart-d3.html]
[seantheme.com/color-admin/admin/html/chart-apex.html]
[seantheme.com/color-admin/admin/html/landing.html]
[seantheme.com/color-admin/admin/html/map_vector.html]
[seantheme.com/color-admin/admin/html/map_google.html]
[seantheme.com/color-admin/admin/html/gallery.html]
[seantheme.com/color-admin/admin/html/gallery_v2.html]
[seantheme.com/color-admin/admin/html/page_blank.html]
[seantheme.com/color-admin/admin/html/page_with_footer.html]
[seantheme.com/color-admin/admin/html/page_with_fixed_footer.html]
[seantheme.com/color-admin/admin/html/page_without_sidebar.html]
[seantheme.com/color-admin/admin/html/page_with_right_sidebar.html]
[seantheme.com/color-admin/admin/html/page_with_minified_sidebar.html]
[seantheme.com/color-admin/admin/html/page_with_two_sidebar.html]
[seantheme.com/color-admin/admin/html/page_with_line_icons.html]
[seantheme.com/color-admin/admin/html/page_with_ionicons.html]
[seantheme.com/color-admin/admin/html/page_full_height.html]
[seantheme.com/color-admin/admin/html/page_with_wide_sidebar.html]
[seantheme.com/color-admin/admin/html/page_with_light_sidebar.html]
[seantheme.com/color-admin/admin/html/page_with_mega_menu.html]
[seantheme.com/color-admin/admin/html/page_with_top_menu.html]
[seantheme.com/color-admin/admin/html/page_with_boxed_layout.html]
[seantheme.com/color-admin/admin/html/page_with_mixed_menu.html]
[seantheme.com/color-admin/admin/html/page_boxed_layout_with_mixed_menu.html]
[seantheme.com/color-admin/admin/html/page_with_transparent_sidebar.html]
[seantheme.com/color-admin/admin/html/page_with_search_sidebar.html]
[seantheme.com/color-admin/admin/html/page_with_hover_sidebar.html]
[seantheme.com/color-admin/admin/html/extra_timeline.html]
[seantheme.com/color-admin/admin/html/extra_coming_soon.html]
[seantheme.com/color-admin/admin/html/extra_search_results.html]
[seantheme.com/color-admin/admin/html/extra_invoice.html]
[seantheme.com/color-admin/admin/html/extra_404_error.html]
[seantheme.com/color-admin/admin/html/extra_scrum_board.html]
[seantheme.com/color-admin/admin/html/extra_cookie_acceptance_banner.html]
[seantheme.com/color-admin/admin/html/extra_orders.html]
[seantheme.com/color-admin/admin/html/extra_order_details.html]
[seantheme.com/color-admin/admin/html/extra_products.html]
[seantheme.com/color-admin/admin/html/extra_product_details.html]
[seantheme.com/color-admin/admin/html/extra_file_manager.html]
[seantheme.com/color-admin/admin/html/extra_pricing_page.html]
[seantheme.com/color-admin/admin/html/extra_messenger_page.html]
[seantheme.com/color-admin/admin/html/extra_data_management.html]
[seantheme.com/color-admin/admin/html/login_v2.html]
[seantheme.com/color-admin/admin/html/login_v3.html]
[seantheme.com/color-admin/admin/html/register_v3.html]
[seantheme.com/color-admin/admin/html/helper_css.html]
[seantheme.com/color-admin/admin/html/index-2.html]
[seantheme.com/color-admin/admin/assets/img/gallery/gallery-1.jpg]
[seantheme.com/color-admin/admin/assets/img/gallery/gallery-10.jpg]
[seantheme.com/color-admin/admin/assets/img/gallery/gallery-7.jpg]
[seantheme.com/color-admin/admin/assets/img/gallery/gallery-8.jpg]
[seantheme.com/color-admin/admin/assets/img/product/product-1.png]
[seantheme.com/color-admin/admin/assets/img/product/product-2.png]
[seantheme.com/color-admin/admin/assets/img/product/product-3.png]
[seantheme.com/color-admin/admin/assets/img/product/product-4.png]
[seantheme.com/color-admin/admin/assets/img/product/product-5.png]
[seantheme.com/color-admin/admin/assets/img/user/user-3.jpg]
[seantheme.com/color-admin/admin/assets/img/user/user-4.jpg]
[seantheme.com/color-admin/admin/assets/img/user/user-5.jpg]
[seantheme.com/color-admin/admin/assets/img/user/user-6.jpg]
[seantheme.com/color-admin/admin/assets/img/user/user-8.jpg]
[seantheme.com/color-admin/admin/assets/img/user/user-7.jpg]
[seantheme.com/color-admin/admin/assets/img/theme/default.jpg]
[seantheme.com/color-admin/admin/assets/img/theme/transparent.jpg]
[seantheme.com/color-admin/admin/assets/img/theme/apple.jpg]
[seantheme.com/color-admin/admin/assets/img/theme/material.jpg]
[seantheme.com/color-admin/admin/assets/img/theme/facebook.jpg]
[seantheme.com/color-admin/admin/assets/img/theme/google.jpg]
[seantheme.com/color-admin/admin/assets/img/version/html.jpg]
[seantheme.com/color-admin/admin/assets/img/version/ajax.jpg]
[seantheme.com/color-admin/admin/assets/img/version/angular1x.jpg]
[seantheme.com/color-admin/admin/assets/img/version/angular10x.jpg]
[seantheme.com/color-admin/admin/assets/img/version/svelte.jpg]
[seantheme.com/color-admin/admin/assets/img/version/laravel.jpg]
[seantheme.com/color-admin/admin/assets/img/version/django.jpg]
[seantheme.com/color-admin/admin/assets/img/version/vuejs.jpg]
[seantheme.com/color-admin/admin/assets/img/version/reactjs.jpg]
[seantheme.com/color-admin/admin/assets/img/version/dotnet.jpg]
[seantheme.com/color-admin/admin/assets/img/theme/one-page-parallax.jpg]
[seantheme.com/color-admin/admin/assets/img/theme/e-commerce.jpg]
[seantheme.com/color-admin/admin/assets/img/theme/blog.jpg]
[seantheme.com/color-admin/admin/assets/img/theme/forum.jpg]
[seantheme.com/color-admin/admin/assets/img/theme/corporate.jpg]
[seantheme.com/color-admin/admin/assets/js/vendor.min.js]
[seantheme.com/color-admin/admin/assets/js/app.min.js]
[seantheme.com/color-admin/admin/assets/plugins/gritter/js/jquery.gritter.js]
[seantheme.com/color-admin/admin/assets/plugins/flot/source/jquery.canvaswrapper.js]
[seantheme.com/color-admin/admin/assets/plugins/flot/source/jquery.colorhelpers.js]
[seantheme.com/color-admin/admin/assets/plugins/flot/source/jquery.flot.js]
[seantheme.com/color-admin/admin/assets/plugins/flot/source/jquery.flot.saturated.js]
[seantheme.com/color-admin/admin/assets/plugins/flot/source/jquery.flot.browser.js]
[seantheme.com/color-admin/admin/assets/plugins/flot/source/jquery.flot.drawSeries.js]
[seantheme.com/color-admin/admin/assets/plugins/flot/source/jquery.flot.uiConstants.js]
[seantheme.com/color-admin/admin/assets/plugins/flot/source/jquery.flot.time.js]
[seantheme.com/color-admin/admin/assets/plugins/flot/source/jquery.flot.resize.js]
[seantheme.com/color-admin/admin/assets/plugins/flot/source/jquery.flot.pie.js]
[seantheme.com/color-admin/admin/assets/plugins/flot/source/jquery.flot.crosshair.js]
[seantheme.com/color-admin/admin/assets/plugins/flot/source/jquery.flot.categories.js]
[seantheme.com/color-admin/admin/assets/plugins/flot/source/jquery.flot.navigate.js]
[seantheme.com/color-admin/admin/assets/plugins/flot/source/jquery.flot.touchNavigate.js]
[seantheme.com/color-admin/admin/assets/plugins/flot/source/jquery.flot.hover.js]
[seantheme.com/color-admin/admin/assets/plugins/flot/source/jquery.flot.touch.js]
[seantheme.com/color-admin/admin/assets/plugins/flot/source/jquery.flot.selection.js]
[seantheme.com/color-admin/admin/assets/plugins/flot/source/jquery.flot.symbol.js]
[seantheme.com/color-admin/admin/assets/plugins/flot/source/jquery.flot.legend.js]
[seantheme.com/color-admin/admin/assets/plugins/jquery-sparkline/jquery.sparkline.min.js]
[seantheme.com/color-admin/admin/assets/plugins/jvectormap-next/jquery-jvectormap.min.js]
[seantheme.com/color-admin/admin/assets/plugins/jvectormap-content/world-mill.js]
[seantheme.com/color-admin/admin/assets/plugins/bootstrap-datepicker/dist/js/bootstrap-datepicker.js]
[seantheme.com/color-admin/admin/assets/js/demo/dashboard.js]
[seantheme.com/color-admin/admin/html/index.html]
[seantheme.com/color-admin/admin/assets/css/vendor.min.css]
[seantheme.com/cdn-cgi/scripts/7d0fa10a/cloudflare-static/rocket-loader.min.js]
[seantheme.com/color-admin/admin/assets/css/default/images/cover-sidebar.jpg]
[seantheme.com/color-admin/admin/assets/css/default/images/bg-login.png]
[seantheme.com/color-admin/admin/assets/css/default/images/bg-login-dark-mode.png]
[seantheme.com/color-admin/admin/assets/css/default/images/cover-sidebar-user.jpg]
[seantheme.com/color-admin/admin/assets/css/default/images/cover-pattern.png]
[seantheme.com/color-admin/admin/assets/css/default/images/coming-soon.jpg]
[seantheme.com/color-admin/admin/assets/css/default/images/error-page-pattern.png]
[seantheme.com/color-admin/admin/assets/css/default/images/profile-cover.jpg]
[seantheme.com/color-admin/admin/assets/css/default/app.min.css]
[seantheme.com/color-admin/admin/assets/plugins/jvectormap-next/jquery-jvectormap.css]
[seantheme.com/color-admin/admin/assets/plugins/bootstrap-datepicker/dist/css/bootstrap-datepicker.css]
[seantheme.com/color-admin/admin/assets/plugins/gritter/images/ie-spacer.gif]
[seantheme.com/color-admin/admin/assets/plugins/gritter/images/gritter.png]
[seantheme.com/color-admin/admin/assets/plugins/gritter/images/gritter-light.png]
[seantheme.com/color-admin/admin/assets/plugins/gritter/css/jquery.gritter.css]
[seantheme.com/color-admin/admin/assets/plugins/photoswipe/dist/photoswipe.css]
[seantheme.com/color-admin/admin/assets/plugins/lity/dist/lity.min.css]
[seantheme.com/color-admin/admin/assets/img/gallery/gallery-14.jpg]
[seantheme.com/color-admin/admin/assets/img/gallery/gallery-12.jpg]
[seantheme.com/color-admin/admin/assets/img/gallery/gallery-16.jpg]
[seantheme.com/color-admin/admin/assets/img/gallery/gallery-15.jpg]
[seantheme.com/color-admin/admin/assets/img/gallery/gallery-11.jpg]
[seantheme.com/color-admin/admin/assets/img/gallery/gallery-4.jpg]
[seantheme.com/color-admin/admin/assets/img/gallery/gallery-5.jpg]
[seantheme.com/color-admin/admin/assets/img/gallery/gallery-1-thumb.jpg]
[seantheme.com/color-admin/admin/assets/img/gallery/gallery-2-thumb.jpg]
[seantheme.com/color-admin/admin/assets/img/gallery/gallery-3-thumb.jpg]
[seantheme.com/color-admin/admin/assets/img/gallery/gallery-4-thumb.jpg]
[seantheme.com/color-admin/admin/assets/img/gallery/gallery-5-thumb.jpg]
[seantheme.com/color-admin/admin/assets/img/gallery/gallery-6-thumb.jpg]
[seantheme.com/color-admin/admin/assets/img/gallery/gallery-7-thumb.jpg]
[seantheme.com/color-admin/admin/assets/img/gallery/gallery-8-thumb.jpg]
[seantheme.com/color-admin/admin/assets/img/gallery/gallery-9-thumb.jpg]
[seantheme.com/color-admin/admin/assets/img/gallery/gallery-10-thumb.jpg]
[seantheme.com/color-admin/admin/assets/img/gallery/gallery-11-thumb.jpg]
[seantheme.com/color-admin/admin/assets/img/gallery/gallery-12-thumb.jpg]
[seantheme.com/color-admin/admin/assets/img/gallery/gallery-13-thumb.jpg]
[seantheme.com/color-admin/admin/assets/img/gallery/gallery-14-thumb.jpg]
[seantheme.com/color-admin/admin/assets/img/gallery/gallery-15-thumb.jpg]
[seantheme.com/color-admin/admin/assets/img/gallery/gallery-16-thumb.jpg]
[seantheme.com/color-admin/admin/assets/img/gallery/gallery-17-thumb.jpg]
[seantheme.com/color-admin/admin/assets/img/gallery/gallery-18-thumb.jpg]
[seantheme.com/color-admin/admin/assets/img/gallery/gallery-19-thumb.jpg]
[seantheme.com/color-admin/admin/assets/img/gallery/gallery-20-thumb.jpg]
[seantheme.com/color-admin/admin/assets/img/gallery/gallery-21-thumb.jpg]
[seantheme.com/color-admin/admin/assets/img/gallery/gallery-22-thumb.jpg]
[seantheme.com/color-admin/admin/assets/img/gallery/gallery-23-thumb.jpg]
[seantheme.com/color-admin/admin/assets/img/gallery/gallery-24-thumb.jpg]
[seantheme.com/color-admin/admin/assets/img/gallery/gallery-25-thumb.jpg]
[seantheme.com/color-admin/admin/assets/img/gallery/gallery-26-thumb.jpg]
[seantheme.com/color-admin/admin/assets/img/gallery/gallery-27-thumb.jpg]
[seantheme.com/color-admin/admin/assets/img/gallery/gallery-28-thumb.jpg]
[seantheme.com/color-admin/admin/assets/img/gallery/gallery-29-thumb.jpg]
[seantheme.com/color-admin/admin/assets/img/gallery/gallery-30-thumb.jpg]
[seantheme.com/color-admin/admin/assets/img/gallery/gallery-31-thumb.jpg]
[seantheme.com/color-admin/admin/assets/img/gallery/gallery-32-thumb.jpg]
[seantheme.com/color-admin/admin/assets/img/gallery/gallery-33-thumb.jpg]
[seantheme.com/color-admin/admin/assets/img/gallery/gallery-34-thumb.jpg]
[seantheme.com/color-admin/admin/assets/img/gallery/gallery-35-thumb.jpg]
[seantheme.com/color-admin/admin/assets/img/gallery/gallery-36-thumb.jpg]
[seantheme.com/color-admin/admin/assets/img/gallery/gallery-37-thumb.jpg]
[seantheme.com/color-admin/admin/assets/img/gallery/gallery-38-thumb.jpg]
[seantheme.com/color-admin/admin/assets/img/gallery/gallery-39-thumb.jpg]
[seantheme.com/color-admin/admin/assets/img/gallery/gallery-40-thumb.jpg]
[seantheme.com/color-admin/admin/assets/img/gallery/gallery-41-thumb.jpg]
[seantheme.com/color-admin/admin/assets/img/gallery/gallery-42-thumb.jpg]
[seantheme.com/color-admin/admin/assets/img/gallery/gallery-43-thumb.jpg]
[seantheme.com/color-admin/admin/assets/img/gallery/gallery-44-thumb.jpg]
[seantheme.com/color-admin/admin/assets/img/gallery/gallery-45-thumb.jpg]
[seantheme.com/color-admin/admin/assets/img/gallery/gallery-46-thumb.jpg]
[seantheme.com/color-admin/admin/assets/img/gallery/gallery-47-thumb.jpg]
[seantheme.com/color-admin/admin/assets/img/gallery/gallery-48-thumb.jpg]
[seantheme.com/color-admin/admin/assets/img/gallery/gallery-49-thumb.jpg]
[seantheme.com/color-admin/admin/assets/img/gallery/gallery-50-thumb.jpg]
[seantheme.com/color-admin/admin/assets/img/gallery/gallery-51-thumb.jpg]
[seantheme.com/color-admin/admin/assets/img/gallery/gallery-52-thumb.jpg]
[seantheme.com/color-admin/admin/assets/img/gallery/gallery-53-thumb.jpg]
[seantheme.com/color-admin/admin/assets/img/gallery/gallery-54-thumb.jpg]
[seantheme.com/color-admin/admin/assets/img/gallery/gallery-55-thumb.jpg]
[seantheme.com/color-admin/admin/assets/img/gallery/gallery-56-thumb.jpg]
[seantheme.com/color-admin/admin/assets/img/gallery/gallery-57-thumb.jpg]
[seantheme.com/color-admin/admin/assets/img/gallery/gallery-58-thumb.jpg]
[seantheme.com/color-admin/admin/assets/img/gallery/gallery-59-thumb.jpg]
[seantheme.com/color-admin/admin/assets/img/gallery/gallery-60-thumb.jpg]
[seantheme.com/color-admin/admin/assets/img/gallery/gallery-61-thumb.jpg]
[seantheme.com/color-admin/admin/assets/img/gallery/gallery-62-thumb.jpg]
[seantheme.com/color-admin/admin/assets/img/gallery/gallery-63-thumb.jpg]
[seantheme.com/color-admin/admin/assets/img/gallery/gallery-64-thumb.jpg]
[seantheme.com/color-admin/admin/assets/img/gallery/gallery-65-thumb.jpg]
[seantheme.com/color-admin/admin/assets/img/gallery/gallery-66-thumb.jpg]
[seantheme.com/color-admin/admin/assets/img/gallery/gallery-67-thumb.jpg]
[seantheme.com/color-admin/admin/assets/img/gallery/gallery-68-thumb.jpg]
[seantheme.com/color-admin/admin/assets/img/gallery/gallery-69-thumb.jpg]
[seantheme.com/color-admin/admin/assets/img/gallery/gallery-70-thumb.jpg]
[img.youtube.com/vi/RQ5ljyGg-ig/mqdefault.jpg]
[img.youtube.com/vi/5lWkZ-JaEOc/mqdefault.jpg]
[img.youtube.com/vi/9ZfN87gSjvI/mqdefault.jpg]
[img.youtube.com/vi/w2H07DRv2_M/mqdefault.jpg]
[img.youtube.com/vi/PntG8KEVjR8/mqdefault.jpg]
[img.youtube.com/vi/q8kxKvSQ7MI/mqdefault.jpg]
[img.youtube.com/vi/cutu3Bw4ep4/mqdefault.jpg]
[img.youtube.com/vi/gCspUXGrraM/mqdefault.jpg]
[img.youtube.com/vi/COtpTM1MpAA/mqdefault.jpg]
[img.youtube.com/vi/8NVkGHVOazc/mqdefault.jpg]
[img.youtube.com/vi/ZtT3jaTcCsY/mqdefault.jpg]
[img.youtube.com/vi/Dmw0ucCv8aQ/mqdefault.jpg]
[img.youtube.com/vi/r1d7ST2TG2U/mqdefault.jpg]
[img.youtube.com/vi/WUR-XWBcHvs/mqdefault.jpg]
[img.youtube.com/vi/A7sQ8RWj0Cw/mqdefault.jpg]
[img.youtube.com/vi/IMN2VfiXls4/mqdefault.jpg]
[seantheme.com/color-admin/admin/assets/img/user/user-9.jpg]
[seantheme.com/color-admin/admin/assets/img/user/user-10.jpg]
[seantheme.com/color-admin/admin/assets/img/user/user-11.jpg]
[seantheme.com/color-admin/admin/assets/img/user/user-12.jpg]
[seantheme.com/color-admin/admin/assets/img/user/user-14.jpg]
[seantheme.com/color-admin/admin/assets/plugins/lity/dist/lity.min.js]
[seantheme.com/color-admin/admin/assets/js/demo/profile.demo.js]
[seantheme.com/color-admin/admin/html/extra_profile.html]
[seantheme.com/color-admin/admin/assets/js/demo/gallery-v2.demo.js]
[seantheme.com/cdn-cgi/scripts/5c5dd728/cloudflare-static/email-decode.min.js]
[seantheme.com/color-admin/admin/html/email_inbox.html]
[seantheme.com/color-admin/admin/assets/js/demo/email-inbox.demo.js]
[seantheme.com/color-admin/admin/assets/plugins/moment/min/moment.min.js]
[seantheme.com/color-admin/admin/assets/plugins/@fullcalendar/core/index.global.js]
[seantheme.com/color-admin/admin/assets/plugins/@fullcalendar/daygrid/index.global.js]
[seantheme.com/color-admin/admin/assets/plugins/@fullcalendar/timegrid/index.global.js]
[seantheme.com/color-admin/admin/assets/plugins/@fullcalendar/interaction/index.global.js]
[seantheme.com/color-admin/admin/assets/plugins/@fullcalendar/list/index.global.js]
[seantheme.com/color-admin/admin/assets/plugins/@fullcalendar/bootstrap/index.global.js]
[seantheme.com/color-admin/admin/html/calendar.html]
[seantheme.com/color-admin/admin/assets/js/demo/calendar.demo.js]
[code.iconify.design/iconify-icon/2.1.0/iconify-icon.min.js]
[seantheme.com/color-admin/admin/html/extra_settings_page.html]
[seantheme.com/color-admin/admin/html/login.html]
[seantheme.com/color-admin/admin/assets/js/demo/sidebar-scrollspy.demo.js]
[seantheme.com/color-admin/admin/assets/plugins/nvd3/build/nv.d3.css]
[seantheme.com/color-admin/admin/assets/plugins/datepickk/dist/datepickk.min.css]
[seantheme.com/color-admin/admin/assets/plugins/d3/d3.min.js]
[seantheme.com/color-admin/admin/assets/plugins/nvd3/build/nv.d3.min.js]
[seantheme.com/color-admin/admin/assets/plugins/datepickk/dist/datepickk.min.js]
[seantheme.com/color-admin/admin/html/index_v2.html]
[seantheme.com/color-admin/admin/assets/js/demo/dashboard-v2.js]
[seantheme.com/color-admin/admin/assets/plugins/bootstrap-daterangepicker/daterangepicker.css]
[seantheme.com/color-admin/admin/assets/img/flag/us.jpg]
[seantheme.com/color-admin/admin/assets/img/flag/cn.jpg]
[seantheme.com/color-admin/admin/assets/img/flag/de.jpg]
[seantheme.com/color-admin/admin/assets/img/flag/fr.jpg]
[seantheme.com/color-admin/admin/assets/img/flag/jp.jpg]
[seantheme.com/color-admin/admin/assets/img/product/product-8.jpg]
[seantheme.com/color-admin/admin/assets/img/product/product-9.jpg]
[seantheme.com/color-admin/admin/assets/img/product/product-10.jpg]
[seantheme.com/color-admin/admin/assets/img/product/product-11.jpg]
[seantheme.com/color-admin/admin/assets/img/product/product-12.jpg]
[seantheme.com/color-admin/admin/assets/plugins/apexcharts/dist/apexcharts.min.js]
[seantheme.com/color-admin/admin/assets/plugins/bootstrap-daterangepicker/daterangepicker.js]
[seantheme.com/color-admin/admin/html/index_v3.html]
[seantheme.com/color-admin/admin/assets/js/demo/dashboard-v3.js]
[seantheme.com/color-admin/admin/assets/plugins/tag-it/css/jquery.tagit.css]
[seantheme.com/color-admin/admin/assets/plugins/summernote/dist/summernote-lite.css]
[seantheme.com/color-admin/admin/assets/plugins/jquery-migrate/dist/jquery-migrate.min.js]
[seantheme.com/color-admin/admin/assets/plugins/tag-it/js/tag-it.min.js]
[seantheme.com/color-admin/admin/assets/plugins/summernote/dist/summernote-lite.min.js]
[seantheme.com/color-admin/admin/html/email_compose.html]
[seantheme.com/color-admin/admin/html/email_detail.html]
[seantheme.com/color-admin/admin/assets/js/demo/email-compose.demo.js]
[seantheme.com/color-admin/admin/assets/img/gallery/gallery-portrait-11-thumb.jpg]
[seantheme.com/color-admin/admin/assets/img/login-bg/login-bg-1-thumb.jpg]
[seantheme.com/color-admin/admin/assets/img/login-bg/login-bg-2-thumb.jpg]
[seantheme.com/color-admin/admin/assets/img/login-bg/login-bg-3-thumb.jpg]
[seantheme.com/color-admin/admin/assets/img/login-bg/login-bg-4-thumb.jpg]
[seantheme.com/color-admin/admin/assets/img/login-bg/login-bg-7-thumb.jpg]
[seantheme.com/color-admin/admin/assets/img/login-bg/login-bg-10-thumb.jpg]
[seantheme.com/color-admin/admin/assets/img/product/product-6.png]
[seantheme.com/color-admin/admin/assets/img/product/product-7.png]
[seantheme.com/color-admin/admin/assets/plugins/clipboard/dist/clipboard.min.js]
[seantheme.com/color-admin/admin/assets/plugins/@highlightjs/cdn-assets/highlight.min.js]
[seantheme.com/color-admin/admin/assets/js/demo/widget.demo.js]
[seantheme.com/color-admin/admin/html/widget.html]
[seantheme.com/color-admin/admin/html/ui_general.html]
[seantheme.com/color-admin/admin/html/ui_typography.html]
[seantheme.com/color-admin/admin/html/ui_tabs_accordions.html]
[seantheme.com/color-admin/admin/html/ui_unlimited_tabs.html]
[seantheme.com/color-admin/admin/assets/js/demo/render.highlight.js]
[seantheme.com/color-admin/admin/assets/plugins/sweetalert/dist/sweetalert.min.js]
[seantheme.com/color-admin/admin/html/ui_modal_notification.html]
[seantheme.com/color-admin/admin/html/ui_widget_boxes.html]
[seantheme.com/color-admin/admin/assets/js/demo/ui-modal-notification.demo.js]
[seantheme.com/color-admin/admin/assets/img/gallery/gallery-2.jpg]
[seantheme.com/color-admin/admin/assets/img/gallery/gallery-3.jpg]
[seantheme.com/color-admin/admin/html/ui_media_object.html]
[seantheme.com/color-admin/admin/html/ui_buttons.html]
[seantheme.com/color-admin/admin/html/ui_icon_fontawesome.html]
[seantheme.com/color-admin/admin/html/ui_icon_bootstrap.html]
[seantheme.com/color-admin/admin/assets/plugins/bootstrap-icons/font/bootstrap-icons.css]
[seantheme.com/color-admin/admin/html/ui_icon_duotone.html]
[seantheme.com/color-admin/admin/html/ui_icon_simple_line_icons.html]
[seantheme.com/color-admin/admin/assets/plugins/simple-line-icons/css/simple-line-icons.css]
[seantheme.com/color-admin/admin/html/ui_icon_ionicons.html]
[seantheme.com/color-admin/admin/assets/plugins/ionicons/dist/ionicons/ionicons.js]
[seantheme.com/color-admin/admin/assets/plugins/jstree/dist/themes/default/style.min.css]
[seantheme.com/color-admin/admin/assets/plugins/jstree/dist/jstree.min.js]
[seantheme.com/color-admin/admin/html/ui_tree.html]
[seantheme.com/color-admin/admin/assets/js/demo/ui-tree.demo.js]
[seantheme.com/color-admin/admin/html/ui_language_bar_icon.html]
[seantheme.com/color-admin/admin/assets/plugins/flag-icons/css/flag-icons.min.css]
[seantheme.com/color-admin/admin/html/ui_social_buttons.html]
[seantheme.com/color-admin/admin/assets/plugins/bootstrap-social/bootstrap-social.css]
[seantheme.com/color-admin/admin/assets/plugins/intro.js/minified/introjs.min.css]
[seantheme.com/color-admin/admin/html/ui_tour.html]
[seantheme.com/color-admin/admin/html/ui_offcanvas_toasts.html]
[seantheme.com/color-admin/admin/assets/plugins/intro.js/minified/intro.min.js]
[seantheme.com/color-admin/admin/assets/img/gallery/gallery-6.jpg]
[seantheme.com/color-admin/admin/assets/img/gallery/gallery-9.jpg]
[seantheme.com/color-admin/admin/assets/img/gallery/gallery-17.jpg]
[seantheme.com/color-admin/admin/assets/img/gallery/gallery-13.jpg]
[seantheme.com/color-admin/admin/html/bootstrap_5.html]
[seantheme.com/color-admin/admin/html/form_elements.html]
[seantheme.com/color-admin/admin/assets/plugins/masonry-layout/dist/masonry.pkgd.min.js]
[seantheme.com/color-admin/admin/assets/plugins/select2/dist/css/select2.min.css]
[seantheme.com/color-admin/admin/assets/plugins/bootstrap-timepicker/css/bootstrap-timepicker.min.css]
[seantheme.com/color-admin/admin/assets/plugins/ion-rangeslider/css/ion.rangeSlider.min.css]
[seantheme.com/color-admin/admin/assets/plugins/spectrum-colorpicker2/dist/spectrum.min.css]
[seantheme.com/color-admin/admin/assets/plugins/select-picker/dist/picker.min.css]
[seantheme.com/color-admin/admin/assets/plugins/select2/dist/js/select2.min.js]
[seantheme.com/color-admin/admin/assets/plugins/bootstrap-timepicker/js/bootstrap-timepicker.min.js]
[seantheme.com/color-admin/admin/assets/plugins/ion-rangeslider/js/ion.rangeSlider.min.js]
[seantheme.com/color-admin/admin/assets/plugins/jquery.maskedinput/src/jquery.maskedinput.js]
[seantheme.com/color-admin/admin/assets/plugins/spectrum-colorpicker2/dist/spectrum.min.js]
[seantheme.com/color-admin/admin/assets/plugins/select-picker/dist/picker.min.js]
[seantheme.com/color-admin/admin/html/form_plugins.html]
[seantheme.com/color-admin/admin/assets/js/demo/form-plugins.demo.js]
[seantheme.com/color-admin/admin/assets/plugins/switchery/dist/switchery.min.css]
[seantheme.com/color-admin/admin/assets/plugins/abpetkov-powerange/dist/powerange.min.css]
[seantheme.com/color-admin/admin/assets/plugins/switchery/dist/switchery.min.js]
[seantheme.com/color-admin/admin/assets/plugins/abpetkov-powerange/dist/powerange.min.js]
[seantheme.com/color-admin/admin/html/form_slider_switcher.html]
[seantheme.com/color-admin/admin/assets/js/demo/form-slider-switcher.demo.js]
[seantheme.com/color-admin/admin/html/form_validation.html]
[seantheme.com/color-admin/admin/html/form_wizards.html]
[seantheme.com/color-admin/admin/assets/plugins/parsleyjs/dist/parsley.min.js]
[seantheme.com/color-admin/admin/assets/plugins/bootstrap3-wysihtml5-bower/dist/bootstrap3-wysihtml5.min.css]
[seantheme.com/color-admin/admin/assets/plugins/bootstrap3-wysihtml5-bower/dist/bootstrap3-wysihtml5.all.min.js]
[seantheme.com/color-admin/admin/assets/plugins/@ckeditor/ckeditor5-build-classic/build/ckeditor.js]
[cdn.jsdelivr.net/npm/bootstrap@4.6.0/dist/js/bootstrap.bundle.min.js]
[seantheme.com/color-admin/admin/html/form_wysiwyg.html]
[seantheme.com/color-admin/admin/assets/js/demo/form-wysiwyg.demo.js]
[seantheme.com/color-admin/admin/assets/plugins/x-editable-bs4/dist/bootstrap4-editable/css/bootstrap-editable.css]
[seantheme.com/color-admin/admin/assets/plugins/x-editable-bs4/dist/inputs-ext/address/address.css]
[seantheme.com/color-admin/admin/assets/plugins/x-editable-bs4/dist/inputs-ext/typeaheadjs/lib/typeahead.js-bootstrap.css]
[seantheme.com/color-admin/admin/assets/plugins/bootstrap-datetime-picker/css/bootstrap-datetimepicker.min.css]
[seantheme.com/color-admin/admin/assets/plugins/bootstrap-datepicker/dist/css/bootstrap-datepicker.min.css]
[seantheme.com/color-admin/admin/assets/plugins/bootstrap-datepicker/dist/css/bootstrap-datepicker3.min.css]
[seantheme.com/color-admin/admin/assets/plugins/x-editable-bs4/dist/bootstrap4-editable/js/bootstrap-editable.min.js]
[seantheme.com/color-admin/admin/assets/plugins/x-editable-bs4/dist/inputs-ext/address/address.js]
[seantheme.com/color-admin/admin/assets/plugins/x-editable-bs4/dist/inputs-ext/typeaheadjs/lib/typeahead.js]
[seantheme.com/color-admin/admin/assets/plugins/x-editable-bs4/dist/inputs-ext/typeaheadjs/typeaheadjs.js]
[seantheme.com/color-admin/admin/assets/plugins/x-editable-bs4/dist/inputs-ext/wysihtml5/wysihtml5.js]
[seantheme.com/color-admin/admin/assets/plugins/bootstrap-datepicker/dist/js/bootstrap-datepicker.min.js]
[seantheme.com/color-admin/admin/assets/plugins/bootstrap-datetime-picker/js/bootstrap-datetimepicker.min.js]
[seantheme.com/color-admin/admin/assets/plugins/select2/dist/js/select2.full.min.js]
[seantheme.com/color-admin/admin/assets/plugins/jquery-mockjax/dist/jquery.mockjax.min.js]
[seantheme.com/color-admin/admin/html/form_editable.html]
[seantheme.com/color-admin/admin/assets/js/demo/form-editable.demo.js]
[seantheme.com/color-admin/admin/assets/plugins/blueimp-gallery/css/blueimp-gallery.min.css]
[seantheme.com/color-admin/admin/assets/plugins/blueimp-file-upload/css/jquery.fileupload.css]
[seantheme.com/color-admin/admin/assets/plugins/blueimp-file-upload/css/jquery.fileupload-ui.css]
[seantheme.com/color-admin/admin/assets/plugins/blueimp-file-upload/js/vendor/jquery.ui.widget.js]
[seantheme.com/color-admin/admin/assets/plugins/blueimp-tmpl/js/tmpl.js]
[seantheme.com/color-admin/admin/assets/plugins/blueimp-load-image/js/load-image.all.min.js]
[seantheme.com/color-admin/admin/assets/plugins/blueimp-canvas-to-blob/js/canvas-to-blob.js]
[seantheme.com/color-admin/admin/assets/plugins/blueimp-gallery/js/jquery.blueimp-gallery.min.js]
[seantheme.com/color-admin/admin/assets/plugins/blueimp-file-upload/js/jquery.iframe-transport.js]
[seantheme.com/color-admin/admin/assets/plugins/blueimp-file-upload/js/jquery.fileupload.js]
[seantheme.com/color-admin/admin/assets/plugins/blueimp-file-upload/js/jquery.fileupload-process.js]
[seantheme.com/color-admin/admin/assets/plugins/blueimp-file-upload/js/jquery.fileupload-image.js]
[seantheme.com/color-admin/admin/assets/plugins/blueimp-file-upload/js/jquery.fileupload-audio.js]
[seantheme.com/color-admin/admin/assets/plugins/blueimp-file-upload/js/jquery.fileupload-video.js]
[seantheme.com/color-admin/admin/assets/plugins/blueimp-file-upload/js/jquery.fileupload-validate.js]
[seantheme.com/color-admin/admin/assets/plugins/blueimp-file-upload/js/jquery.fileupload-ui.js]
[seantheme.com/color-admin/admin/html/form_multiple_upload.html]
[seantheme.com/color-admin/admin/assets/js/demo/form-multiple-upload.demo.js]
[seantheme.com/color-admin/admin/html/form_summernote.html]
[seantheme.com/color-admin/admin/assets/js/demo/form-summernote.demo.js]
[seantheme.com/color-admin/admin/assets/plugins/dropzone/dist/min/dropzone.min.css]
[seantheme.com/color-admin/admin/html/form_dropzone.html]
[seantheme.com/color-admin/admin/html/table_basic.html]
[seantheme.com/color-admin/admin/assets/plugins/dropzone/dist/min/dropzone.min.js]
[seantheme.com/color-admin/admin/assets/plugins/datatables.net-bs5/css/dataTables.bootstrap5.min.css]
[seantheme.com/color-admin/admin/assets/plugins/datatables.net-responsive-bs5/css/responsive.bootstrap5.min.css]
[seantheme.com/color-admin/admin/assets/plugins/datatables.net/js/dataTables.min.js]
[seantheme.com/color-admin/admin/assets/plugins/datatables.net-bs5/js/dataTables.bootstrap5.min.js]
[seantheme.com/color-admin/admin/assets/plugins/datatables.net-responsive/js/dataTables.responsive.min.js]
[seantheme.com/color-admin/admin/assets/plugins/datatables.net-responsive-bs5/js/responsive.bootstrap5.min.js]
[seantheme.com/color-admin/admin/html/table_manage.html]
[seantheme.com/color-admin/admin/assets/js/demo/table-manage-default.demo.js]
[seantheme.com/color-admin/admin/assets/plugins/datatables.net-buttons-bs5/css/buttons.bootstrap5.min.css]
[seantheme.com/color-admin/admin/assets/plugins/datatables.net-buttons/js/dataTables.buttons.min.js]
[seantheme.com/color-admin/admin/assets/plugins/datatables.net-buttons-bs5/js/buttons.bootstrap5.min.js]
[seantheme.com/color-admin/admin/assets/plugins/datatables.net-buttons/js/buttons.colVis.min.js]
[seantheme.com/color-admin/admin/assets/plugins/datatables.net-buttons/js/buttons.html5.min.js]
[seantheme.com/color-admin/admin/assets/plugins/datatables.net-buttons/js/buttons.print.min.js]
[seantheme.com/color-admin/admin/assets/plugins/pdfmake/build/pdfmake.min.js]
[seantheme.com/color-admin/admin/assets/plugins/jszip/dist/jszip.min.js]
[seantheme.com/color-admin/admin/assets/plugins/pdfmake/build/vfs_fonts.js]
[seantheme.com/color-admin/admin/html/table_manage_buttons.html]
[seantheme.com/color-admin/admin/assets/js/demo/table-manage-buttons.demo.js]
[seantheme.com/color-admin/admin/assets/plugins/datatables.net-colreorder-bs5/css/colReorder.bootstrap5.min.css]
[seantheme.com/color-admin/admin/assets/plugins/datatables.net-colreorder/js/dataTables.colReorder.min.js]
[seantheme.com/color-admin/admin/assets/plugins/datatables.net-colreorder-bs5/js/colReorder.bootstrap5.min.js]
[seantheme.com/color-admin/admin/html/table_manage_colreorder.html]
[seantheme.com/color-admin/admin/assets/js/demo/table-manage-colreorder.demo.js]
[seantheme.com/color-admin/admin/assets/plugins/datatables.net-fixedcolumns-bs5/css/fixedColumns.bootstrap5.min.css]
[seantheme.com/color-admin/admin/assets/plugins/datatables.net-fixedcolumns/js/dataTables.fixedColumns.min.js]
[seantheme.com/color-admin/admin/assets/plugins/datatables.net-fixedcolumns-bs5/js/fixedColumns.bootstrap5.min.js]
[seantheme.com/color-admin/admin/html/table_manage_fixed_columns.html]
[seantheme.com/color-admin/admin/assets/js/demo/table-manage-fixed-columns.demo.js]
[seantheme.com/color-admin/admin/assets/plugins/datatables.net-fixedheader-bs5/css/fixedHeader.bootstrap5.min.css]
[seantheme.com/color-admin/admin/assets/plugins/datatables.net-fixedheader/js/dataTables.fixedHeader.min.js]
[seantheme.com/color-admin/admin/assets/plugins/datatables.net-fixedheader-bs5/js/fixedHeader.bootstrap5.min.js]
[seantheme.com/color-admin/admin/html/table_manage_fixed_header.html]
[seantheme.com/color-admin/admin/assets/js/demo/table-manage-fixed-header.demo.js]
[seantheme.com/color-admin/admin/assets/plugins/datatables.net-keytable-bs5/css/keyTable.bootstrap5.min.css]
[seantheme.com/color-admin/admin/assets/plugins/datatables.net-keytable/js/dataTables.keyTable.min.js]
[seantheme.com/color-admin/admin/assets/plugins/datatables.net-keytable-bs5/js/keyTable.bootstrap5.min.js]
[seantheme.com/color-admin/admin/html/table_manage_keytable.html]
[seantheme.com/color-admin/admin/assets/js/demo/table-manage-keytable.demo.js]
[seantheme.com/color-admin/admin/html/table_manage_responsive.html]
[seantheme.com/color-admin/admin/assets/js/demo/table-manage-responsive.demo.js]
[seantheme.com/color-admin/admin/assets/plugins/datatables.net-rowreorder-bs5/css/rowReorder.bootstrap5.min.css]
[seantheme.com/color-admin/admin/assets/plugins/datatables.net-rowreorder/js/dataTables.rowReorder.min.js]
[seantheme.com/color-admin/admin/assets/plugins/datatables.net-rowreorder-bs5/js/rowReorder.bootstrap5.min.js]
[seantheme.com/color-admin/admin/html/table_manage_rowreorder.html]
[seantheme.com/color-admin/admin/assets/js/demo/table-manage-rowreorder.demo.js]
[seantheme.com/color-admin/admin/assets/plugins/datatables.net-scroller-bs5/css/scroller.bootstrap5.min.css]
[seantheme.com/color-admin/admin/assets/plugins/datatables.net-scroller/js/dataTables.scroller.min.js]
[seantheme.com/color-admin/admin/assets/plugins/datatables.net-scroller-bs5/js/scroller.bootstrap5.min.js]
[seantheme.com/color-admin/admin/html/table_manage_scroller.html]
[seantheme.com/color-admin/admin/assets/js/demo/table-manage-scroller.demo.js]
[seantheme.com/color-admin/admin/assets/plugins/datatables.net-select-bs5/css/select.bootstrap5.min.css]
[seantheme.com/color-admin/admin/assets/plugins/datatables.net-select/js/dataTables.select.min.js]
[seantheme.com/color-admin/admin/assets/plugins/datatables.net-select-bs5/js/select.bootstrap5.min.js]
[seantheme.com/color-admin/admin/html/table_manage_select.html]
[seantheme.com/color-admin/admin/assets/js/demo/table-manage-select.demo.js]
[seantheme.com/color-admin/admin/html/table_manage_combine.html]
[seantheme.com/color-admin/admin/assets/js/demo/table-manage-combine.demo.js]
[seantheme.com/color-admin/admin/assets/img/pos/product-1.jpg]
[seantheme.com/color-admin/admin/assets/img/pos/product-2.jpg]
[seantheme.com/color-admin/admin/assets/img/pos/product-3.jpg]
[seantheme.com/color-admin/admin/assets/img/pos/product-4.jpg]
[seantheme.com/color-admin/admin/assets/img/pos/product-5.jpg]
[seantheme.com/color-admin/admin/assets/img/pos/product-17.jpg]
[seantheme.com/color-admin/admin/assets/img/pos/product-6.jpg]
[seantheme.com/color-admin/admin/assets/img/pos/product-7.jpg]
[seantheme.com/color-admin/admin/assets/img/pos/product-8.jpg]
[seantheme.com/color-admin/admin/assets/img/pos/product-9.jpg]
[seantheme.com/color-admin/admin/assets/img/pos/product-10.jpg]
[seantheme.com/color-admin/admin/assets/img/pos/product-11.jpg]
[seantheme.com/color-admin/admin/assets/img/pos/product-12.jpg]
[seantheme.com/color-admin/admin/assets/img/pos/product-13.jpg]
[seantheme.com/color-admin/admin/assets/img/pos/product-15.jpg]
[seantheme.com/color-admin/admin/assets/img/pos/product-14.jpg]
[seantheme.com/color-admin/admin/assets/img/pos/product-16.jpg]
[seantheme.com/color-admin/admin/html/pos_customer_order.html]
[seantheme.com/color-admin/admin/assets/js/demo/pos-customer-order.demo.js]
[seantheme.com/color-admin/admin/html/pos_kitchen_order.html]
[seantheme.com/color-admin/admin/assets/js/demo/pos-header.demo.js]
[seantheme.com/color-admin/admin/html/pos_counter_checkout.html]
[seantheme.com/color-admin/admin/html/pos_table_booking.html]
[seantheme.com/color-admin/admin/html/pos_menu_stock.html]
[seantheme.com/color-admin/admin/assets/js/demo/pos-counter-checkout.demo.js]
[seantheme.com/color-admin/admin/assets/img/logo/logo-admin.png]
[seantheme.com/color-admin/admin/assets/img/product/product-preview.jpg]
[seantheme.com/color-admin/admin/html/email_system.html]
[seantheme.com/color-admin/admin/assets/img/product/product-preview-iphone.png]
[seantheme.com/color-admin/admin/assets/img/product/product-preview-sm.jpg]
[seantheme.com/color-admin/admin/html/email_newsletter.html]
[seantheme.com/color-admin/admin/html/chart-flot.html]
[seantheme.com/color-admin/admin/assets/js/demo/chart-flot.demo.js]
[seantheme.com/color-admin/admin/assets/plugins/chart.js/dist/chart.umd.js]
[seantheme.com/color-admin/admin/html/chart-js.html]
[seantheme.com/color-admin/admin/assets/js/demo/chart-js.demo.js]
[seantheme.com/color-admin/admin/html/chart-d3.html]
[seantheme.com/color-admin/admin/assets/js/demo/chart-d3.demo.js]
[seantheme.com/color-admin/admin/html/chart-apex.html]
[seantheme.com/color-admin/admin/assets/js/demo/chart-apex.demo.js]
[seantheme.com/color-admin/admin/assets/img/landing/mockup-1-default.jpg]
[seantheme.com/color-admin/admin/assets/img/landing/mockup-1-default-thumb.jpg]
[seantheme.com/color-admin/admin/assets/img/landing/mockup-2-default.jpg]
[seantheme.com/color-admin/admin/assets/img/landing/mockup-2-default-thumb.jpg]
[seantheme.com/color-admin/admin/assets/img/landing/mockup-3-default.jpg]
[seantheme.com/color-admin/admin/assets/img/landing/mockup-3-default-thumb.jpg]
[seantheme.com/color-admin/admin/assets/img/landing/mockup-4-default.jpg]
[seantheme.com/color-admin/admin/assets/img/landing/mockup-4-default-thumb.jpg]
[seantheme.com/color-admin/admin/assets/img/landing/mockup-5-default.jpg]
[seantheme.com/color-admin/admin/assets/img/landing/mockup-5-default-thumb.jpg]
[seantheme.com/color-admin/admin/assets/img/landing/mockup-6-default.jpg]
[seantheme.com/color-admin/admin/assets/img/landing/mockup-6-default-thumb.jpg]
[seantheme.com/color-admin/admin/assets/img/landing/mockup-7-default.jpg]
[seantheme.com/color-admin/admin/assets/img/landing/mockup-7-default-thumb.jpg]
[seantheme.com/color-admin/admin/assets/img/landing/frontend-one-page-parallax.jpg]
[seantheme.com/color-admin/admin/assets/img/landing/frontend-one-page-parallax-thumb.jpg]
[seantheme.com/color-admin/admin/assets/img/landing/frontend-e-commerce.jpg]
[seantheme.com/color-admin/admin/assets/img/landing/frontend-e-commerce-thumb.jpg]
[seantheme.com/color-admin/admin/assets/img/landing/frontend-blog.jpg]
[seantheme.com/color-admin/admin/assets/img/landing/frontend-blog-thumb.jpg]
[seantheme.com/color-admin/admin/assets/img/landing/frontend-forum.jpg]
[seantheme.com/color-admin/admin/assets/img/landing/frontend-forum-thumb.jpg]
[seantheme.com/color-admin/admin/assets/img/landing/frontend-corporate.jpg]
[seantheme.com/color-admin/admin/assets/img/landing/frontend-corporate-thumb.jpg]
[seantheme.com/color-admin/admin/assets/img/landing/blog-1.jpg]
[seantheme.com/color-admin/admin/assets/img/landing/blog-2.jpg]
[seantheme.com/color-admin/admin/assets/img/landing/blog-3.jpg]
[seantheme.com/color-admin/admin/assets/img/landing/blog-4.jpg]
[seantheme.com/color-admin/admin/html/landing.html]
[seantheme.com/color-admin/admin/html/map_vector.html]
[seantheme.com/color-admin/admin/assets/js/demo/map-vector.demo.js]
[seantheme.com/color-admin/admin/html/map_google.html]
[seantheme.com/color-admin/admin/assets/js/demo/map-google.demo.js]
[seantheme.com/color-admin/admin/assets/plugins/lightbox2/dist/css/lightbox.css]
[seantheme.com/color-admin/admin/assets/plugins/isotope-layout/dist/isotope.pkgd.min.js]
[seantheme.com/color-admin/admin/assets/plugins/lightbox2/dist/js/lightbox.min.js]
[seantheme.com/color-admin/admin/html/gallery.html]
[seantheme.com/color-admin/admin/html/gallery_v2.html]
[seantheme.com/color-admin/admin/html/page_blank.html]
[seantheme.com/color-admin/admin/html/page_with_footer.html]
[seantheme.com/color-admin/admin/html/page_with_fixed_footer.html]
[seantheme.com/color-admin/admin/html/page_without_sidebar.html]
[seantheme.com/color-admin/admin/html/page_with_right_sidebar.html]
[seantheme.com/color-admin/admin/html/page_with_minified_sidebar.html]
[seantheme.com/color-admin/admin/assets/js/demo/gallery.demo.js]
[seantheme.com/color-admin/admin/assets/plugins/jquery-knob/dist/jquery.knob.min.js]
[seantheme.com/color-admin/admin/html/page_with_two_sidebar.html]
[seantheme.com/color-admin/admin/html/page_with_line_icons.html]
[seantheme.com/color-admin/admin/html/page_with_ionicons.html]
[seantheme.com/color-admin/admin/html/page_full_height.html]
[seantheme.com/color-admin/admin/html/page_with_wide_sidebar.html]
[seantheme.com/color-admin/admin/html/page_with_light_sidebar.html]
[seantheme.com/color-admin/admin/html/page_with_mega_menu.html]
[seantheme.com/color-admin/admin/html/page_with_top_menu.html]
[seantheme.com/color-admin/admin/html/page_with_boxed_layout.html]
[seantheme.com/color-admin/admin/html/page_with_mixed_menu.html]
[seantheme.com/color-admin/admin/html/page_boxed_layout_with_mixed_menu.html]
[seantheme.com/color-admin/admin/html/page_with_transparent_sidebar.html]
[seantheme.com/color-admin/admin/html/page_with_search_sidebar.html]
[seantheme.com/color-admin/admin/html/page_with_hover_sidebar.html]
[seantheme.com/color-admin/admin/assets/js/demo/page-with-two-sidebar.demo.js]
[seantheme.com/color-admin/admin/html/extra_timeline.html]
[seantheme.com/color-admin/admin/assets/js/demo/timeline.demo.js]
[seantheme.com/color-admin/admin/assets/plugins/kbw-countdown/dist/css/jquery.countdown.css]
[seantheme.com/color-admin/admin/assets/plugins/kbw-countdown/dist/js/jquery.plugin.min.js]
[seantheme.com/color-admin/admin/assets/plugins/kbw-countdown/dist/js/jquery.countdown.min.js]
[seantheme.com/color-admin/admin/html/extra_coming_soon.html]
[seantheme.com/color-admin/admin/assets/js/demo/coming-soon.demo.js]
[seantheme.com/color-admin/admin/assets/img/gallery/gallery-51.jpg]
[seantheme.com/color-admin/admin/assets/img/gallery/gallery-52.jpg]
[seantheme.com/color-admin/admin/assets/img/gallery/gallery-53.jpg]
[seantheme.com/color-admin/admin/assets/img/gallery/gallery-54.jpg]
[seantheme.com/color-admin/admin/assets/img/gallery/gallery-55.jpg]
[seantheme.com/color-admin/admin/assets/img/gallery/gallery-56.jpg]
[seantheme.com/color-admin/admin/html/extra_search_results.html]
[seantheme.com/color-admin/admin/html/extra_invoice.html]
[seantheme.com/color-admin/admin/html/extra_404_error.html]
[seantheme.com/color-admin/admin/assets/img/cover/cover-scrum-board.png]
[seantheme.com/color-admin/admin/html/extra_scrum_board.html]
[seantheme.com/color-admin/admin/html/extra_cookie_acceptance_banner.html]
[seantheme.com/color-admin/admin/html/extra_orders.html]
[seantheme.com/color-admin/admin/assets/img/product/product-1.jpg]
[seantheme.com/color-admin/admin/assets/img/product/product-2.jpg]
[seantheme.com/color-admin/admin/assets/img/product/product-3.jpg]
[seantheme.com/color-admin/admin/html/extra_order_details.html]
[seantheme.com/color-admin/admin/assets/img/product/product-6.jpg]
[seantheme.com/color-admin/admin/assets/img/product/product-7.jpg]
[seantheme.com/color-admin/admin/assets/img/product/product-13.jpg]
[seantheme.com/color-admin/admin/assets/img/product/product-14.jpg]
[seantheme.com/color-admin/admin/assets/img/product/product-15.jpg]
[seantheme.com/color-admin/admin/html/extra_products.html]
[seantheme.com/color-admin/admin/html/extra_product_details.html]
[seantheme.com/color-admin/admin/assets/js/demo/product-details.demo.js]
[seantheme.com/color-admin/admin/html/extra_file_manager.html]
[seantheme.com/color-admin/admin/html/extra_pricing_page.html]
[seantheme.com/color-admin/admin/assets/js/demo/file-manager.demo.js]
[seantheme.com/color-admin/admin/html/extra_messenger_page.html]
[seantheme.com/color-admin/admin/html/extra_data_management.html]
[seantheme.com/color-admin/admin/assets/js/demo/page-data-management.demo.js]
[seantheme.com/color-admin/admin/assets/img/login-bg/login-bg-17.jpg]
[seantheme.com/color-admin/admin/assets/img/login-bg/login-bg-16.jpg]
[seantheme.com/color-admin/admin/assets/img/login-bg/login-bg-15.jpg]
[seantheme.com/color-admin/admin/assets/img/login-bg/login-bg-14.jpg]
[seantheme.com/color-admin/admin/assets/img/login-bg/login-bg-13.jpg]
[seantheme.com/color-admin/admin/assets/img/login-bg/login-bg-12.jpg]
[seantheme.com/color-admin/admin/html/login_v2.html]
[seantheme.com/color-admin/admin/assets/js/demo/login-v2.demo.js]
[seantheme.com/color-admin/admin/assets/img/login-bg/login-bg-11.jpg]
[seantheme.com/color-admin/admin/html/login_v3.html]
[seantheme.com/color-admin/admin/html/register_v3.html]
[seantheme.com/color-admin/admin/html/index-2.html]
[seantheme.com/color-admin/admin/html/helper_css.html]
[seantheme.com/color-admin/admin/assets/plugins/photoswipe/dist/photoswipe.css]
[seantheme.com/color-admin/admin/assets/plugins/lity/dist/lity.min.css]
[seantheme.com/color-admin/admin/assets/plugins/nvd3/build/nv.d3.css]
[seantheme.com/color-admin/admin/assets/plugins/datepickk/dist/datepickk.min.css]
[seantheme.com/color-admin/admin/assets/plugins/bootstrap-daterangepicker/daterangepicker.css]
[seantheme.com/color-admin/admin/assets/plugins/tag-it/css/jquery.tagit.css]
[seantheme.com/color-admin/admin/assets/plugins/summernote/dist/font/summernoted41d.eot]
[seantheme.com/color-admin/admin/assets/plugins/summernote/dist/font/summernote.woff2]
[seantheme.com/color-admin/admin/assets/plugins/summernote/dist/font/summernote.woff]
[seantheme.com/color-admin/admin/assets/plugins/summernote/dist/font/summernote.ttf]
[seantheme.com/color-admin/admin/assets/plugins/summernote/dist/summernote-lite.css]
[seantheme.com/color-admin/admin/assets/plugins/bootstrap-icons/font/fonts/bootstrap-icons0107.woff2]
[seantheme.com/color-admin/admin/assets/plugins/bootstrap-icons/font/bootstrap-icons.css]
[seantheme.com/color-admin/admin/assets/plugins/simple-line-icons/css/simple-line-icons.css]
[seantheme.com/color-admin/admin/assets/plugins/bootstrap-icons/font/fonts/bootstrap-icons0107.woff]
[seantheme.com/color-admin/admin/assets/plugins/jstree/dist/themes/default/32px.png]
[seantheme.com/color-admin/admin/assets/plugins/jstree/dist/themes/default/throbber.gif]
[seantheme.com/color-admin/admin/assets/plugins/jstree/dist/themes/default/40px.png]
[seantheme.com/color-admin/admin/assets/plugins/jstree/dist/themes/default/style.min.css]
[seantheme.com/color-admin/admin/assets/plugins/flag-icons/css/flag-icons.min.css]
[seantheme.com/color-admin/admin/assets/plugins/bootstrap-social/bootstrap-social.css]
[seantheme.com/color-admin/admin/assets/plugins/intro.js/minified/introjs.min.css]
[seantheme.com/color-admin/admin/assets/plugins/select2/dist/css/select2.min.css]
[seantheme.com/color-admin/admin/assets/plugins/bootstrap-timepicker/css/bootstrap-timepicker.min.css]
[seantheme.com/color-admin/admin/assets/plugins/ion-rangeslider/css/ion.rangeSlider.min.css]
[seantheme.com/color-admin/admin/assets/plugins/spectrum-colorpicker2/dist/spectrum.min.css]
[seantheme.com/color-admin/admin/assets/plugins/select-picker/dist/picker.min.css]
[seantheme.com/color-admin/admin/assets/plugins/switchery/dist/switchery.min.css]
[seantheme.com/color-admin/admin/assets/plugins/abpetkov-powerange/dist/powerange.min.css]
[seantheme.com/color-admin/admin/assets/plugins/bootstrap3-wysihtml5-bower/dist/bootstrap3-wysihtml5.min.css]
[seantheme.com/color-admin/admin/assets/plugins/x-editable-bs4/dist/bootstrap4-editable/img/loading.gif]
[seantheme.com/color-admin/admin/assets/plugins/x-editable-bs4/dist/bootstrap4-editable/img/clear.png]
[seantheme.com/color-admin/admin/assets/plugins/x-editable-bs4/dist/bootstrap4-editable/css/bootstrap-editable.css]
[seantheme.com/color-admin/admin/assets/plugins/x-editable-bs4/dist/inputs-ext/address/address.css]
[seantheme.com/color-admin/admin/assets/plugins/x-editable-bs4/dist/inputs-ext/typeaheadjs/lib/typeahead.js-bootstrap.css]
[seantheme.com/color-admin/admin/assets/plugins/bootstrap-datetime-picker/css/bootstrap-datetimepicker.min.css]
[seantheme.com/color-admin/admin/assets/plugins/bootstrap-datepicker/dist/css/bootstrap-datepicker.min.css]
[seantheme.com/color-admin/admin/assets/plugins/bootstrap-datepicker/dist/css/bootstrap-datepicker3.min.css]
[seantheme.com/color-admin/admin/assets/plugins/blueimp-gallery/img/loading.gif]
[seantheme.com/color-admin/admin/assets/plugins/blueimp-gallery/img/error.png]
[seantheme.com/color-admin/admin/assets/plugins/blueimp-gallery/img/prev.png]
[seantheme.com/color-admin/admin/assets/plugins/blueimp-gallery/img/next.png]
[seantheme.com/color-admin/admin/assets/plugins/blueimp-gallery/img/close.png]
[seantheme.com/color-admin/admin/assets/plugins/blueimp-gallery/img/play-pause.png]
[seantheme.com/color-admin/admin/assets/plugins/blueimp-gallery/img/video-play.png]
[seantheme.com/color-admin/admin/assets/plugins/blueimp-gallery/css/blueimp-gallery.min.css]
[seantheme.com/color-admin/admin/assets/plugins/blueimp-file-upload/css/jquery.fileupload.css]
[seantheme.com/color-admin/admin/assets/plugins/blueimp-file-upload/img/progressbar.gif]
[seantheme.com/color-admin/admin/assets/plugins/blueimp-file-upload/img/loading.gif]
[seantheme.com/color-admin/admin/assets/plugins/blueimp-file-upload/css/jquery.fileupload-ui.css]
[seantheme.com/color-admin/admin/assets/plugins/dropzone/dist/min/dropzone.min.css]
[seantheme.com/color-admin/admin/assets/plugins/datatables.net-bs5/css/dataTables.bootstrap5.min.css]
[seantheme.com/color-admin/admin/assets/plugins/datatables.net-responsive-bs5/css/responsive.bootstrap5.min.css]
[seantheme.com/color-admin/admin/assets/plugins/datatables.net-buttons-bs5/css/buttons.bootstrap5.min.css]
[seantheme.com/color-admin/admin/assets/plugins/datatables.net-colreorder-bs5/css/colReorder.bootstrap5.min.css]
[seantheme.com/color-admin/admin/assets/plugins/datatables.net-fixedcolumns-bs5/css/fixedColumns.bootstrap5.min.css]
[seantheme.com/color-admin/admin/assets/plugins/datatables.net-fixedheader-bs5/css/fixedHeader.bootstrap5.min.css]
[seantheme.com/color-admin/admin/assets/plugins/datatables.net-keytable-bs5/css/keyTable.bootstrap5.min.css]
[seantheme.com/color-admin/admin/assets/plugins/datatables.net-rowreorder-bs5/css/rowReorder.bootstrap5.min.css]
[seantheme.com/color-admin/admin/assets/plugins/datatables.net-scroller-bs5/css/scroller.bootstrap5.min.css]
[seantheme.com/color-admin/admin/assets/plugins/datatables.net-select-bs5/css/select.bootstrap5.min.css]
[seantheme.com/color-admin/admin/assets/plugins/lightbox2/dist/images/loading.gif]
[seantheme.com/color-admin/admin/assets/plugins/lightbox2/dist/css/lightbox.css]
[seantheme.com/color-admin/admin/assets/plugins/kbw-countdown/dist/css/jquery.countdown.css]
